Archive member included because of file (symbol)

.\CortexM3\ARM_GCC_493\Debug\Vomit.a(cyfitter_cfg.o)
                              .\CortexM3\ARM_GCC_493\Debug\Cm3Start.o (cyfitter_cfg)
.\CortexM3\ARM_GCC_493\Debug\Vomit.a(USBFS_1.o)
                              .\CortexM3\ARM_GCC_493\Debug\main.o (USBFS_1_Start)
.\CortexM3\ARM_GCC_493\Debug\Vomit.a(USBFS_1_descr.o)
                              .\CortexM3\ARM_GCC_493\Debug\main.o (USBFS_1_DEVICE0_CONFIGURATION0_INTERFACE0_ALTERNATE0_HID_OUT_BUF)
.\CortexM3\ARM_GCC_493\Debug\Vomit.a(USBFS_1_drv.o)
                              .\CortexM3\ARM_GCC_493\Debug\Vomit.a(USBFS_1.o) (USBFS_1_lastPacketSize)
.\CortexM3\ARM_GCC_493\Debug\Vomit.a(USBFS_1_episr.o)
                              .\CortexM3\ARM_GCC_493\Debug\Vomit.a(USBFS_1.o) (USBFS_1_EP_1_ISR)
.\CortexM3\ARM_GCC_493\Debug\Vomit.a(USBFS_1_hid.o)
                              .\CortexM3\ARM_GCC_493\Debug\Vomit.a(USBFS_1.o) (USBFS_1_hidProtocol)
.\CortexM3\ARM_GCC_493\Debug\Vomit.a(USBFS_1_pm.o)
                              .\CortexM3\ARM_GCC_493\Debug\Vomit.a(USBFS_1.o) (USBFS_1_DP_ISR)
.\CortexM3\ARM_GCC_493\Debug\Vomit.a(USBFS_1_std.o)
                              .\CortexM3\ARM_GCC_493\Debug\Vomit.a(USBFS_1_pm.o) (USBFS_1_ConfigReg)
.\CortexM3\ARM_GCC_493\Debug\Vomit.a(USBFS_1_vnd.o)
                              .\CortexM3\ARM_GCC_493\Debug\Vomit.a(USBFS_1_drv.o) (USBFS_1_HandleVendorRqst)
.\CortexM3\ARM_GCC_493\Debug\Vomit.a(SWITCHPIN.o)
                              .\CortexM3\ARM_GCC_493\Debug\main.o (SWITCHPIN_Read)
.\CortexM3\ARM_GCC_493\Debug\Vomit.a(LEDPIN.o)
                              .\CortexM3\ARM_GCC_493\Debug\main.o (LEDPIN_Write)
.\CortexM3\ARM_GCC_493\Debug\Vomit.a(USBFS_1_Dp.o)
                              .\CortexM3\ARM_GCC_493\Debug\Vomit.a(USBFS_1_pm.o) (USBFS_1_Dp_ClearInterrupt)
.\CortexM3\ARM_GCC_493\Debug\Vomit.a(CyBootAsmGnu.o)
                              .\CortexM3\ARM_GCC_493\Debug\Vomit.a(cyfitter_cfg.o) (CyDelayCycles)
.\CortexM3\ARM_GCC_493\Debug\Vomit.a(CyLib.o)
                              .\CortexM3\ARM_GCC_493\Debug\Cm3Start.o (CyHalt)
.\CortexM3\ARM_GCC_493\Debug\Vomit.a(cyPm.o)
                              .\CortexM3\ARM_GCC_493\Debug\Vomit.a(CyLib.o) (CyPmReadStatus)
.\CortexM3\ARM_GCC_493\Debug\Vomit.a(ShiftReg_1.o)
                              .\CortexM3\ARM_GCC_493\Debug\main.o (ShiftReg_1_Enable)
.\CortexM3\ARM_GCC_493\Debug\Vomit.a(USBFS_1_cls.o)
                              .\CortexM3\ARM_GCC_493\Debug\Vomit.a(USBFS_1_drv.o) (USBFS_1_DispatchClassRqst)
.\CortexM3\ARM_GCC_493\Debug\Vomit.a(CyFlash.o)
                              .\CortexM3\ARM_GCC_493\Debug\Vomit.a(cyPm.o) (CyFlash_SetWaitCycles)
.\CortexM3\ARM_GCC_493\Debug\Vomit.a(CySpc.o)
                              .\CortexM3\ARM_GCC_493\Debug\Vomit.a(CyFlash.o) (CySpcStart)
c:/program files/cypress/psoc creator/3.3/psoc creator/import/gnu/arm/4.9.3/bin/../lib/gcc/arm-none-eabi/4.9.3/../../../../arm-none-eabi/lib/armv7-m\libg_nano.a(lib_a-errno.o)
                              .\CortexM3\ARM_GCC_493\Debug\Cm3Start.o (__errno)
c:/program files/cypress/psoc creator/3.3/psoc creator/import/gnu/arm/4.9.3/bin/../lib/gcc/arm-none-eabi/4.9.3/../../../../arm-none-eabi/lib/armv7-m\libg_nano.a(lib_a-exit.o)
                              c:/program files/cypress/psoc creator/3.3/psoc creator/import/gnu/arm/4.9.3/bin/../lib/gcc/arm-none-eabi/4.9.3/../../../../arm-none-eabi/lib/armv7-m/crt0.o (exit)
c:/program files/cypress/psoc creator/3.3/psoc creator/import/gnu/arm/4.9.3/bin/../lib/gcc/arm-none-eabi/4.9.3/../../../../arm-none-eabi/lib/armv7-m\libg_nano.a(lib_a-impure.o)
                              c:/program files/cypress/psoc creator/3.3/psoc creator/import/gnu/arm/4.9.3/bin/../lib/gcc/arm-none-eabi/4.9.3/../../../../arm-none-eabi/lib/armv7-m\libg_nano.a(lib_a-exit.o) (_global_impure_ptr)
c:/program files/cypress/psoc creator/3.3/psoc creator/import/gnu/arm/4.9.3/bin/../lib/gcc/arm-none-eabi/4.9.3/../../../../arm-none-eabi/lib/armv7-m\libg_nano.a(lib_a-init.o)
                              c:/program files/cypress/psoc creator/3.3/psoc creator/import/gnu/arm/4.9.3/bin/../lib/gcc/arm-none-eabi/4.9.3/../../../../arm-none-eabi/lib/armv7-m/crt0.o (__libc_init_array)
c:/program files/cypress/psoc creator/3.3/psoc creator/import/gnu/arm/4.9.3/bin/../lib/gcc/arm-none-eabi/4.9.3/../../../../arm-none-eabi/lib/armv7-m\libg_nano.a(lib_a-memcpy.o)
                              .\CortexM3\ARM_GCC_493\Debug\Vomit.a(cyfitter_cfg.o) (memcpy)
c:/program files/cypress/psoc creator/3.3/psoc creator/import/gnu/arm/4.9.3/bin/../lib/gcc/arm-none-eabi/4.9.3/../../../../arm-none-eabi/lib/armv7-m\libg_nano.a(lib_a-memset.o)
                              c:/program files/cypress/psoc creator/3.3/psoc creator/import/gnu/arm/4.9.3/bin/../lib/gcc/arm-none-eabi/4.9.3/../../../../arm-none-eabi/lib/armv7-m/crt0.o (memset)
[...]
Memory Configuration

Name             Origin             Length             Attributes
rom              0x00000000         0x00040000         xr
ram              0x1fff8000         0x00010000         xrw
*default*        0x00000000         0xffffffff

Linker script and memory map

LOAD c:/program files/cypress/psoc creator/3.3/psoc creator/import/gnu/arm/4.9.3/bin/../lib/gcc/arm-none-eabi/4.9.3/armv7-m/crti.o
LOAD c:/program files/cypress/psoc creator/3.3/psoc creator/import/gnu/arm/4.9.3/bin/../lib/gcc/arm-none-eabi/4.9.3/armv7-m/crtbegin.o
LOAD c:/program files/cypress/psoc creator/3.3/psoc creator/import/gnu/arm/4.9.3/bin/../lib/gcc/arm-none-eabi/4.9.3/../../../../arm-none-eabi/lib/armv7-m/crt0.o
START GROUP
LOAD .\CortexM3\ARM_GCC_493\Debug\main.o
LOAD .\CortexM3\ARM_GCC_493\Debug\cymetadata.o
LOAD .\CortexM3\ARM_GCC_493\Debug\Cm3Start.o
LOAD .\CortexM3\ARM_GCC_493\Debug\Vomit.a
LOAD C:\Program Files\Cypress\PSoC Creator\3.3\PSoC Creator\psoc\content\cycomponentlibrary\CyComponentLibrary.cylib\CortexM3\ARM_GCC_493\Debug\CyComponentLibrary.a
END GROUP
START GROUP
LOAD c:/program files/cypress/psoc creator/3.3/psoc creator/import/gnu/arm/4.9.3/bin/../lib/gcc/arm-none-eabi/4.9.3/armv7-m\libgcc.a
LOAD c:/program files/cypress/psoc creator/3.3/psoc creator/import/gnu/arm/4.9.3/bin/../lib/gcc/arm-none-eabi/4.9.3/../../../../arm-none-eabi/lib/armv7-m\libg_nano.a
LOAD c:/program files/cypress/psoc creator/3.3/psoc creator/import/gnu/arm/4.9.3/bin/../lib/gcc/arm-none-eabi/4.9.3/../../../../arm-none-eabi/lib/armv7-m\libc_nano.a
END GROUP
START GROUP
LOAD c:/program files/cypress/psoc creator/3.3/psoc creator/import/gnu/arm/4.9.3/bin/../lib/gcc/arm-none-eabi/4.9.3/armv7-m\libgcc.a
LOAD c:/program files/cypress/psoc creator/3.3/psoc creator/import/gnu/arm/4.9.3/bin/../lib/gcc/arm-none-eabi/4.9.3/../../../../arm-none-eabi/lib/armv7-m\libc_nano.a
END GROUP
LOAD c:/program files/cypress/psoc creator/3.3/psoc creator/import/gnu/arm/4.9.3/bin/../lib/gcc/arm-none-eabi/4.9.3/armv7-m/crtend.o
LOAD c:/program files/cypress/psoc creator/3.3/psoc creator/import/gnu/arm/4.9.3/bin/../lib/gcc/arm-none-eabi/4.9.3/armv7-m/crtn.o
START GROUP
LOAD c:/program files/cypress/psoc creator/3.3/psoc creator/import/gnu/arm/4.9.3/bin/../lib/gcc/arm-none-eabi/4.9.3/armv7-m\libgcc.a
LOAD c:/program files/cypress/psoc creator/3.3/psoc creator/import/gnu/arm/4.9.3/bin/../lib/gcc/arm-none-eabi/4.9.3/../../../../arm-none-eabi/lib/armv7-m\libc.a
LOAD c:/program files/cypress/psoc creator/3.3/psoc creator/import/gnu/arm/4.9.3/bin/../lib/gcc/arm-none-eabi/4.9.3/../../../../arm-none-eabi/lib/armv7-m\libnosys.a
END GROUP
                0x00000000                CY_APPL_ORIGIN = 0x0
                0x00000100                CY_FLASH_ROW_SIZE = 0x100
                0x00000020                CY_ECC_ROW_SIZE = 0x20
                0x00000000                CY_EE_IN_BTLDR = 0x0
                0x00000000                CY_APPL_LOADABLE = 0x0
                0x00000800                CY_EE_SIZE = 0x800
                0x00000001                CY_APPL_NUM = 0x1
                0x00000001                CY_APPL_MAX = 0x1
                0x00000040                CY_METADATA_SIZE = 0x40
                0x00000000                CY_APPL_LOADABLE = 0x0
                0x00000000                CY_CHECKSUM_EXCLUDE_SIZE = ALIGN (0x0, CY_FLASH_ROW_SIZE)
                0x1fff8298                PROVIDE (__cy_heap_start, _end)
                0x00000001                PROVIDE (__cy_region_num, ((__cy_regions_end - __cy_regions) / 0x10))
                0x20008000                PROVIDE (__cy_stack, (ORIGIN (ram) + 0x10000))
                0x20007800                PROVIDE (__cy_heap_end, (__cy_stack - 0x800))

.cybootloader   0x00000000        0x0
 *(.cybootloader)
                0x00000000                appl1_start = CY_APPL_ORIGIN?CY_APPL_ORIGIN:ALIGN (CY_FLASH_ROW_SIZE)
                0x0001ff00                appl2_start = (appl1_start + ALIGN ((((0x40000 - appl1_start) - (0x2 * CY_FLASH_ROW_SIZE)) / 0x2), CY_FLASH_ROW_SIZE))
                0x00000000                appl_start = (CY_APPL_NUM == 0x1)?appl1_start:appl2_start
                0x00000000                ecc_offset = ((appl_start / CY_FLASH_ROW_SIZE) * CY_ECC_ROW_SIZE)
                0x00000000                ee_offset = (CY_APPL_LOADABLE && ! (CY_EE_IN_BTLDR))?((CY_EE_SIZE / CY_APPL_MAX) * (CY_APPL_NUM - 0x1)):0x0
                0x00000800                ee_size = (CY_APPL_LOADABLE && ! (CY_EE_IN_BTLDR))?(CY_EE_SIZE / CY_APPL_MAX):CY_EE_SIZE
                0x00000000                PROVIDE (CY_ECC_OFFSET, ecc_offset)

.text           0x00000000     0x2244
 CREATE_OBJECT_SYMBOLS
                0x00000000                PROVIDE (__cy_interrupt_vector, RomVectors)
 *(.romvectors)
 .romvectors    0x00000000       0x10 .\CortexM3\ARM_GCC_493\Debug\Cm3Start.o
                0x00000000                RomVectors
                0x00000001                ASSERT ((. != __cy_interrupt_vector), No interrupt vector)
                0x00000001                ASSERT (CY_APPL_ORIGIN?(SIZEOF (.cybootloader) <= CY_APPL_ORIGIN):0x1, Wrong image location)
                0x00000010                PROVIDE (__cy_reset, Reset)
 *(.text.Reset)
 .text.Reset    0x00000010       0x18 .\CortexM3\ARM_GCC_493\Debug\Cm3Start.o
                0x00000010                Reset
                0x00000001                ASSERT ((. != __cy_reset), No reset code)
 *(.dma_init)
                0x00000001                ASSERT ((((appl_start + .) <= 0x10000) || 0x1), DMA Init must be within the first 64k of flash)
 *(.text .text.* .gnu.linkonce.t.*)
 .text          0x00000028       0x5c c:/program files/cypress/psoc creator/3.3/psoc creator/import/gnu/arm/4.9.3/bin/../lib/gcc/arm-none-eabi/4.9.3/armv7-m/crtbegin.o
 .text.In_EP    0x00000084       0xf8 .\CortexM3\ARM_GCC_493\Debug\main.o
                0x00000084                In_EP
 .text.Out_EP   0x0000017c       0x38 .\CortexM3\ARM_GCC_493\Debug\main.o
                0x0000017c                Out_EP
 .text.main     0x000001b4       0x78 .\CortexM3\ARM_GCC_493\Debug\main.o
                0x000001b4                main
 .text.IntDefaultHandler
                0x0000022c        0x4 .\CortexM3\ARM_GCC_493\Debug\Cm3Start.o
                0x0000022c                IntDefaultHandler
 .text._sbrk    0x00000230       0x30 .\CortexM3\ARM_GCC_493\Debug\Cm3Start.o
                0x00000230                _sbrk
 .text.Start_c  0x00000260       0x4c .\CortexM3\ARM_GCC_493\Debug\Cm3Start.o
                0x00000260                Start_c
 .text.initialize_psoc
                0x000002ac       0x74 .\CortexM3\ARM_GCC_493\Debug\Cm3Start.o
                0x000002ac                initialize_psoc
 .text.CyClockStartupError
                0x00000320        0x4 .\CortexM3\ARM_GCC_493\Debug\Vomit.a(cyfitter_cfg.o)
 .text.cfg_write_bytes32
                0x00000324       0x34 .\CortexM3\ARM_GCC_493\Debug\Vomit.a(cyfitter_cfg.o)
 .text.AnalogSetDefault
                0x00000358       0x28 .\CortexM3\ARM_GCC_493\Debug\Vomit.a(cyfitter_cfg.o)
 .text.CYMEMZERO
                0x00000380        0xc .\CortexM3\ARM_GCC_493\Debug\Vomit.a(cyfitter_cfg.o)
 .text.ClockSetup
                0x0000038c       0xc0 .\CortexM3\ARM_GCC_493\Debug\Vomit.a(cyfitter_cfg.o)
 .text.CYCONFIGCPY
                0x0000044c        0x8 .\CortexM3\ARM_GCC_493\Debug\Vomit.a(cyfitter_cfg.o)
 .text.cyfitter_cfg
                0x00000454       0xe4 .\CortexM3\ARM_GCC_493\Debug\Vomit.a(cyfitter_cfg.o)
                0x00000454                cyfitter_cfg
 .text.USBFS_1_Init
                0x00000538      0x104 .\CortexM3\ARM_GCC_493\Debug\Vomit.a(USBFS_1.o)
                0x00000538                USBFS_1_Init
 .text.USBFS_1_InitComponent
                0x0000063c       0xc0 .\CortexM3\ARM_GCC_493\Debug\Vomit.a(USBFS_1.o)
                0x0000063c                USBFS_1_InitComponent
 .text.USBFS_1_Start
                0x000006fc       0x24 .\CortexM3\ARM_GCC_493\Debug\Vomit.a(USBFS_1.o)
                0x000006fc                USBFS_1_Start
 .text.USBFS_1_ReInitComponent
                0x00000720       0x64 .\CortexM3\ARM_GCC_493\Debug\Vomit.a(USBFS_1.o)
                0x00000720                USBFS_1_ReInitComponent
 .text.USBFS_1_GetConfiguration
                0x00000784        0xc .\CortexM3\ARM_GCC_493\Debug\Vomit.a(USBFS_1.o)
                0x00000784                USBFS_1_GetConfiguration
 .text.USBFS_1_LoadInEP
                0x00000790       0x94 .\CortexM3\ARM_GCC_493\Debug\Vomit.a(USBFS_1.o)
                0x00000790                USBFS_1_LoadInEP
 .text.USBFS_1_EnableOutEP
                0x00000824       0x2c .\CortexM3\ARM_GCC_493\Debug\Vomit.a(USBFS_1.o)
                0x00000824                USBFS_1_EnableOutEP
 .text.USBFS_1_GetEPAckState
                0x00000850       0x20 .\CortexM3\ARM_GCC_493\Debug\Vomit.a(USBFS_1.o)
                0x00000850                USBFS_1_GetEPAckState
 .text.USBFS_1_LoadEP0
                0x00000870       0x94 .\CortexM3\ARM_GCC_493\Debug\Vomit.a(USBFS_1_drv.o)
                0x00000870                USBFS_1_LoadEP0
 .text.USBFS_1_InitZeroLengthControlTransfer
                0x00000904       0x34 .\CortexM3\ARM_GCC_493\Debug\Vomit.a(USBFS_1_drv.o)
                0x00000904                USBFS_1_InitZeroLengthControlTransfer
 .text.USBFS_1_ControlReadDataStage
                0x00000938        0x8 .\CortexM3\ARM_GCC_493\Debug\Vomit.a(USBFS_1_drv.o)
                0x00000938                USBFS_1_ControlReadDataStage
 .text.USBFS_1_ControlWriteDataStage
                0x00000940       0x80 .\CortexM3\ARM_GCC_493\Debug\Vomit.a(USBFS_1_drv.o)
                0x00000940                USBFS_1_ControlWriteDataStage
 .text.USBFS_1_InitNoDataControlTransfer
                0x000009c0       0x2c .\CortexM3\ARM_GCC_493\Debug\Vomit.a(USBFS_1_drv.o)
                0x000009c0                USBFS_1_InitNoDataControlTransfer
 .text.USBFS_1_UpdateStatusBlock
                0x000009ec       0x24 .\CortexM3\ARM_GCC_493\Debug\Vomit.a(USBFS_1_drv.o)
                0x000009ec                USBFS_1_UpdateStatusBlock
 .text.USBFS_1_HandleSetup
                0x00000a10       0x5c .\CortexM3\ARM_GCC_493\Debug\Vomit.a(USBFS_1_drv.o)
                0x00000a10                USBFS_1_HandleSetup
 .text.USBFS_1_ControlReadStatusStage
                0x00000a6c       0x34 .\CortexM3\ARM_GCC_493\Debug\Vomit.a(USBFS_1_drv.o)
                0x00000a6c                USBFS_1_ControlReadStatusStage
 .text.USBFS_1_HandleOUT
                0x00000aa0       0x38 .\CortexM3\ARM_GCC_493\Debug\Vomit.a(USBFS_1_drv.o)
                0x00000aa0                USBFS_1_HandleOUT
 .text.USBFS_1_ControlWriteStatusStage
                0x00000ad8       0x20 .\CortexM3\ARM_GCC_493\Debug\Vomit.a(USBFS_1_drv.o)
                0x00000ad8                USBFS_1_ControlWriteStatusStage
 .text.USBFS_1_NoDataControlStatusStage
                0x00000af8       0x40 .\CortexM3\ARM_GCC_493\Debug\Vomit.a(USBFS_1_drv.o)
                0x00000af8                USBFS_1_NoDataControlStatusStage
 .text.USBFS_1_HandleIN
                0x00000b38       0x2c .\CortexM3\ARM_GCC_493\Debug\Vomit.a(USBFS_1_drv.o)
                0x00000b38                USBFS_1_HandleIN
 .text.USBFS_1_EP_0_ISR
                0x00000b64       0xb8 .\CortexM3\ARM_GCC_493\Debug\Vomit.a(USBFS_1_drv.o)
                0x00000b64                USBFS_1_EP_0_ISR
 .text.USBFS_1_InitializeStatusBlock
                0x00000c1c       0x24 .\CortexM3\ARM_GCC_493\Debug\Vomit.a(USBFS_1_drv.o)
                0x00000c1c                USBFS_1_InitializeStatusBlock
 .text.USBFS_1_InitControlRead
                0x00000c40       0x50 .\CortexM3\ARM_GCC_493\Debug\Vomit.a(USBFS_1_drv.o)
                0x00000c40                USBFS_1_InitControlRead
 .text.USBFS_1_InitControlWrite
                0x00000c90       0x48 .\CortexM3\ARM_GCC_493\Debug\Vomit.a(USBFS_1_drv.o)
                0x00000c90                USBFS_1_InitControlWrite
 .text.USBFS_1_EP_1_ISR
                0x00000cd8       0x38 .\CortexM3\ARM_GCC_493\Debug\Vomit.a(USBFS_1_episr.o)
                0x00000cd8                USBFS_1_EP_1_ISR
 .text.USBFS_1_BUS_RESET_ISR
                0x00000d10        0x8 .\CortexM3\ARM_GCC_493\Debug\Vomit.a(USBFS_1_episr.o)
                0x00000d10                USBFS_1_BUS_RESET_ISR
 .text.USBFS_1_FindHidClassDecriptor
                0x00000d18       0x40 .\CortexM3\ARM_GCC_493\Debug\Vomit.a(USBFS_1_hid.o)
                0x00000d18                USBFS_1_FindHidClassDecriptor
 .text.USBFS_1_FindReportDescriptor
                0x00000d58       0x48 .\CortexM3\ARM_GCC_493\Debug\Vomit.a(USBFS_1_hid.o)
                0x00000d58                USBFS_1_FindReportDescriptor
 .text.USBFS_1_FindReport
                0x00000da0       0x7c .\CortexM3\ARM_GCC_493\Debug\Vomit.a(USBFS_1_hid.o)
                0x00000da0                USBFS_1_FindReport
 .text.USBFS_1_DispatchHIDClassRqst
                0x00000e1c      0x180 .\CortexM3\ARM_GCC_493\Debug\Vomit.a(USBFS_1_hid.o)
                0x00000e1c                USBFS_1_DispatchHIDClassRqst
 .text.USBFS_1_DP_ISR
                0x00000f9c        0x8 .\CortexM3\ARM_GCC_493\Debug\Vomit.a(USBFS_1_pm.o)
                0x00000f9c                USBFS_1_DP_ISR
 .text.USBFS_1_ConfigReg
                0x00000fa4       0xa4 .\CortexM3\ARM_GCC_493\Debug\Vomit.a(USBFS_1_std.o)
                0x00000fa4                USBFS_1_ConfigReg
 .text.USBFS_1_GetConfigTablePtr
                0x00001048       0x28 .\CortexM3\ARM_GCC_493\Debug\Vomit.a(USBFS_1_std.o)
                0x00001048                USBFS_1_GetConfigTablePtr
 .text.USBFS_1_ConfigAltChanged
                0x00001070      0x11c .\CortexM3\ARM_GCC_493\Debug\Vomit.a(USBFS_1_std.o)
                0x00001070                USBFS_1_ConfigAltChanged
 .text.USBFS_1_GetDeviceTablePtr
                0x0000118c       0x18 .\CortexM3\ARM_GCC_493\Debug\Vomit.a(USBFS_1_std.o)
                0x0000118c                USBFS_1_GetDeviceTablePtr
 .text.USBFS_1_GetInterfaceClassTablePtr
                0x000011a4       0x24 .\CortexM3\ARM_GCC_493\Debug\Vomit.a(USBFS_1_std.o)
                0x000011a4                USBFS_1_GetInterfaceClassTablePtr
 .text.USBFS_1_Config
                0x000011c8      0x1b8 .\CortexM3\ARM_GCC_493\Debug\Vomit.a(USBFS_1_std.o)
                0x000011c8                USBFS_1_Config
 .text.USBFS_1_SetEndpointHalt
                0x00001380       0x64 .\CortexM3\ARM_GCC_493\Debug\Vomit.a(USBFS_1_std.o)
                0x00001380                USBFS_1_SetEndpointHalt
 .text.USBFS_1_ClearEndpointHalt
                0x000013e4       0xa8 .\CortexM3\ARM_GCC_493\Debug\Vomit.a(USBFS_1_std.o)
                0x000013e4                USBFS_1_ClearEndpointHalt
 .text.USBFS_1_ValidateAlternateSetting
                0x0000148c       0x4c .\CortexM3\ARM_GCC_493\Debug\Vomit.a(USBFS_1_std.o)
                0x0000148c                USBFS_1_ValidateAlternateSetting
 .text.USBFS_1_HandleStandardRqst
                0x000014d8      0x324 .\CortexM3\ARM_GCC_493\Debug\Vomit.a(USBFS_1_std.o)
                0x000014d8                USBFS_1_HandleStandardRqst
 .text.USBFS_1_HandleVendorRqst
                0x000017fc       0x18 .\CortexM3\ARM_GCC_493\Debug\Vomit.a(USBFS_1_vnd.o)
                0x000017fc                USBFS_1_HandleVendorRqst
 .text.SWITCHPIN_Read
                0x00001814       0x10 .\CortexM3\ARM_GCC_493\Debug\Vomit.a(SWITCHPIN.o)
                0x00001814                SWITCHPIN_Read
 .text.LEDPIN_Write
                0x00001824       0x18 .\CortexM3\ARM_GCC_493\Debug\Vomit.a(LEDPIN.o)
                0x00001824                LEDPIN_Write
 .text.USBFS_1_Dp_ClearInterrupt
                0x0000183c       0x10 .\CortexM3\ARM_GCC_493\Debug\Vomit.a(USBFS_1_Dp.o)
                0x0000183c                USBFS_1_Dp_ClearInterrupt
 *fill*         0x0000184c        0x4 
 .text          0x00001850       0x20 .\CortexM3\ARM_GCC_493\Debug\Vomit.a(CyBootAsmGnu.o)
                0x00001850                CyDelayCycles
                0x00001860                CyEnterCriticalSection
                0x00001868                CyExitCriticalSection
 .text.CyHalt   0x00001870        0x4 .\CortexM3\ARM_GCC_493\Debug\Vomit.a(CyLib.o)
                0x00001870                CyHalt
 .text.CyDelayUs
                0x00001874       0x14 .\CortexM3\ARM_GCC_493\Debug\Vomit.a(CyLib.o)
                0x00001874                CyDelayUs
 .text.CyIntSetVector
                0x00001888       0x28 .\CortexM3\ARM_GCC_493\Debug\Vomit.a(CyLib.o)
                0x00001888                CyIntSetVector
 .text.CyIntSetPriority
                0x000018b0       0x30 .\CortexM3\ARM_GCC_493\Debug\Vomit.a(CyLib.o)
                0x000018b0                CyIntSetPriority
 .text.ShiftReg_1_EnableInt
                0x000018e0       0x1c .\CortexM3\ARM_GCC_493\Debug\Vomit.a(ShiftReg_1.o)
                0x000018e0                ShiftReg_1_EnableInt
 .text.ShiftReg_1_Enable
                0x000018fc       0x18 .\CortexM3\ARM_GCC_493\Debug\Vomit.a(ShiftReg_1.o)
                0x000018fc                ShiftReg_1_Enable
 .text.ShiftReg_1_SetIntMode
                0x00001914       0x1c .\CortexM3\ARM_GCC_493\Debug\Vomit.a(ShiftReg_1.o)
                0x00001914                ShiftReg_1_SetIntMode
 .text.ShiftReg_1_Init
                0x00001930        0xc .\CortexM3\ARM_GCC_493\Debug\Vomit.a(ShiftReg_1.o)
                0x00001930                ShiftReg_1_Init
 .text.ShiftReg_1_Start
                0x0000193c       0x1c .\CortexM3\ARM_GCC_493\Debug\Vomit.a(ShiftReg_1.o)
                0x0000193c                ShiftReg_1_Start
 .text.USBFS_1_DispatchClassRqst
                0x00001958       0x58 .\CortexM3\ARM_GCC_493\Debug\Vomit.a(USBFS_1_cls.o)
                0x00001958                USBFS_1_DispatchClassRqst
 .text.__errno  0x000019b0        0xc c:/program files/cypress/psoc creator/3.3/psoc creator/import/gnu/arm/4.9.3/bin/../lib/gcc/arm-none-eabi/4.9.3/../../../../arm-none-eabi/lib/armv7-m\libg_nano.a(lib_a-errno.o)
                0x000019b0                __errno
 .text.__libc_init_array
                0x000019bc       0x4c c:/program files/cypress/psoc creator/3.3/psoc creator/import/gnu/arm/4.9.3/bin/../lib/gcc/arm-none-eabi/4.9.3/../../../../arm-none-eabi/lib/armv7-m\libg_nano.a(lib_a-init.o)
                0x000019bc                __libc_init_array
 .text.memcpy   0x00001a08       0x16 c:/program files/cypress/psoc creator/3.3/psoc creator/import/gnu/arm/4.9.3/bin/../lib/gcc/arm-none-eabi/4.9.3/../../../../arm-none-eabi/lib/armv7-m\libg_nano.a(lib_a-memcpy.o)
                0x00001a08                memcpy
 .text.memset   0x00001a1e       0x10 c:/program files/cypress/psoc creator/3.3/psoc creator/import/gnu/arm/4.9.3/bin/../lib/gcc/arm-none-eabi/4.9.3/../../../../arm-none-eabi/lib/armv7-m\libg_nano.a(lib_a-memset.o)
                0x00001a1e                memset
 *fill*         0x00001a2e        0x2 
 .text.sprintf  0x00001a30       0x48 c:/program files/cypress/psoc creator/3.3/psoc creator/import/gnu/arm/4.9.3/bin/../lib/gcc/arm-none-eabi/4.9.3/../../../../arm-none-eabi/lib/armv7-m\libg_nano.a(lib_a-sprintf.o)
                0x00001a30                siprintf
                0x00001a30                sprintf
 .text.__ssputs_r
                0x00001a78       0xb2 c:/program files/cypress/psoc creator/3.3/psoc creator/import/gnu/arm/4.9.3/bin/../lib/gcc/arm-none-eabi/4.9.3/../../../../arm-none-eabi/lib/armv7-m\libg_nano.a(lib_a-nano-svfprintf.o)
                0x00001a78                __ssputs_r
 *fill*         0x00001b2a        0x2 
 .text._svfprintf_r
                0x00001b2c      0x1e4 c:/program files/cypress/psoc creator/3.3/psoc creator/import/gnu/arm/4.9.3/bin/../lib/gcc/arm-none-eabi/4.9.3/../../../../arm-none-eabi/lib/armv7-m\libg_nano.a(lib_a-nano-svfprintf.o)
                0x00001b2c                _svfiprintf_r
                0x00001b2c                _svfprintf_r
 .text._printf_common
                0x00001d10       0xea c:/program files/cypress/psoc creator/3.3/psoc creator/import/gnu/arm/4.9.3/bin/../lib/gcc/arm-none-eabi/4.9.3/../../../../arm-none-eabi/lib/armv7-m\libg_nano.a(lib_a-nano-vfprintf_i.o)
                0x00001d10                _printf_common
 *fill*         0x00001dfa        0x2 
 .text._printf_i
                0x00001dfc      0x240 c:/program files/cypress/psoc creator/3.3/psoc creator/import/gnu/arm/4.9.3/bin/../lib/gcc/arm-none-eabi/4.9.3/../../../../arm-none-eabi/lib/armv7-m\libg_nano.a(lib_a-nano-vfprintf_i.o)
                0x00001dfc                _printf_i
 .text.memchr   0x0000203c       0x1c c:/program files/cypress/psoc creator/3.3/psoc creator/import/gnu/arm/4.9.3/bin/../lib/gcc/arm-none-eabi/4.9.3/../../../../arm-none-eabi/lib/armv7-m\libg_nano.a(lib_a-memchr.o)
                0x0000203c                memchr
 .text.memmove  0x00002058       0x36 c:/program files/cypress/psoc creator/3.3/psoc creator/import/gnu/arm/4.9.3/bin/../lib/gcc/arm-none-eabi/4.9.3/../../../../arm-none-eabi/lib/armv7-m\libg_nano.a(lib_a-memmove.o)
                0x00002058                memmove
 *fill*         0x0000208e        0x2 
 .text._free_r  0x00002090       0x88 c:/program files/cypress/psoc creator/3.3/psoc creator/import/gnu/arm/4.9.3/bin/../lib/gcc/arm-none-eabi/4.9.3/../../../../arm-none-eabi/lib/armv7-m\libg_nano.a(lib_a-nano-freer.o)
                0x00002090                _free_r
 .text._malloc_r
                0x00002118       0xac c:/program files/cypress/psoc creator/3.3/psoc creator/import/gnu/arm/4.9.3/bin/../lib/gcc/arm-none-eabi/4.9.3/../../../../arm-none-eabi/lib/armv7-m\libg_nano.a(lib_a-nano-mallocr.o)
                0x00002118                _malloc_r
 .text._realloc_r
                0x000021c4       0x4c c:/program files/cypress/psoc creator/3.3/psoc creator/import/gnu/arm/4.9.3/bin/../lib/gcc/arm-none-eabi/4.9.3/../../../../arm-none-eabi/lib/armv7-m\libg_nano.a(lib_a-nano-reallocr.o)
                0x000021c4                _realloc_r
 .text._sbrk_r  0x00002210       0x20 c:/program files/cypress/psoc creator/3.3/psoc creator/import/gnu/arm/4.9.3/bin/../lib/gcc/arm-none-eabi/4.9.3/../../../../arm-none-eabi/lib/armv7-m\libg_nano.a(lib_a-sbrkr.o)
                0x00002210                _sbrk_r
 .text._malloc_usable_size_r
                0x00002230       0x14 c:/program files/cypress/psoc creator/3.3/psoc creator/import/gnu/arm/4.9.3/bin/../lib/gcc/arm-none-eabi/4.9.3/../../../../arm-none-eabi/lib/armv7-m\libg_nano.a(lib_a-nano-msizer.o)
                0x00002230                _malloc_usable_size_r
 *(.plt)
 *(.gnu.warning)
 *(.glue_7t)
 .glue_7t       0x00000000        0x0 linker stubs
 *(.glue_7)
 .glue_7        0x00000000        0x0 linker stubs
 *(.vfp11_veneer)
 .vfp11_veneer  0x00000000        0x0 linker stubs
 *(.bootloader)
 *(.ARM.extab* .gnu.linkonce.armextab.*)
 *(.gcc_except_table)

.v4_bx          0x00002244        0x0
 .v4_bx         0x00000000        0x0 linker stubs

.iplt           0x00002244        0x0
 .iplt          0x00000000        0x0 c:/program files/cypress/psoc creator/3.3/psoc creator/import/gnu/arm/4.9.3/bin/../lib/gcc/arm-none-eabi/4.9.3/armv7-m/crtbegin.o

.eh_frame_hdr
 *(.eh_frame_hdr)

.eh_frame       0x00002244        0x4
 *(.eh_frame)
 .eh_frame      0x00002244        0x0 c:/program files/cypress/psoc creator/3.3/psoc creator/import/gnu/arm/4.9.3/bin/../lib/gcc/arm-none-eabi/4.9.3/armv7-m/crtbegin.o
 .eh_frame      0x00002244        0x4 c:/program files/cypress/psoc creator/3.3/psoc creator/import/gnu/arm/4.9.3/bin/../lib/gcc/arm-none-eabi/4.9.3/armv7-m/crtend.o
                0x00002248                PROVIDE (__exidx_start, .)

.ARM.exidx
 *(.ARM.exidx* .gnu.linkonce.armexidx.*)
                0x00002248                __exidx_end = .

.rodata         0x00002248      0x258
 *(.rodata .rodata.* .gnu.linkonce.r.*)
 .rodata        0x00002248       0x60 .\CortexM3\ARM_GCC_493\Debug\main.o
                0x00002248                aASCII_ToScanCode
 .rodata.str1.4
                0x000022a8        0x4 .\CortexM3\ARM_GCC_493\Debug\main.o
 .rodata        0x000022ac       0x2c .\CortexM3\ARM_GCC_493\Debug\Vomit.a(cyfitter_cfg.o)
 .rodata        0x000022d8      0x158 .\CortexM3\ARM_GCC_493\Debug\Vomit.a(USBFS_1_descr.o)
                0x000022d8                USBFS_1_TABLE
                0x000022e0                USBFS_1_DEVICE0_TABLE
                0x000022f8                USBFS_1_DEVICE0_CONFIGURATION0_TABLE
                0x00002318                USBFS_1_DEVICE0_CONFIGURATION0_INTERFACE_CLASS
                0x0000231c                USBFS_1_DEVICE0_CONFIGURATION0_EP_SETTINGS_TABLE
                0x00002324                USBFS_1_DEVICE0_CONFIGURATION0_INTERFACE0_TABLE
                0x0000232c                USBFS_1_DEVICE0_CONFIGURATION0_INTERFACE0_ALTERNATE0_HID_TABLE
                0x00002354                USBFS_1_DEVICE0_CONFIGURATION0_INTERFACE0_ALTERNATE0_HID_OUT_RPT_TABLE
                0x00002360                USBFS_1_DEVICE0_CONFIGURATION0_INTERFACE0_ALTERNATE0_HID_IN_RPT_TABLE
                0x0000236c                USBFS_1_HIDREPORT_DESCRIPTOR1
                0x000023b4                USBFS_1_STRING_DESCRIPTORS
                0x000023f8                USBFS_1_DEVICE0_CONFIGURATION0_DESCR
                0x0000241c                USBFS_1_DEVICE0_DESCR
 .rodata.str1.1
                0x00002430        0x2 c:/program files/cypress/psoc creator/3.3/psoc creator/import/gnu/arm/4.9.3/bin/../lib/gcc/arm-none-eabi/4.9.3/../../../../arm-none-eabi/lib/armv7-m\libg_nano.a(lib_a-impure.o)
 .rodata.str1.1
                0x00002432       0x11 c:/program files/cypress/psoc creator/3.3/psoc creator/import/gnu/arm/4.9.3/bin/../lib/gcc/arm-none-eabi/4.9.3/../../../../arm-none-eabi/lib/armv7-m\libg_nano.a(lib_a-nano-svfprintf.o)
 .rodata.str1.1
                0x00002443       0x22 c:/program files/cypress/psoc creator/3.3/psoc creator/import/gnu/arm/4.9.3/bin/../lib/gcc/arm-none-eabi/4.9.3/../../../../arm-none-eabi/lib/armv7-m\libg_nano.a(lib_a-nano-vfprintf_i.o)
                0x00002468                . = ALIGN (0x4)
 *fill*         0x00002465        0x3 
 *(.init)
 .init          0x00002468        0x4 c:/program files/cypress/psoc creator/3.3/psoc creator/import/gnu/arm/4.9.3/bin/../lib/gcc/arm-none-eabi/4.9.3/armv7-m/crti.o
                0x00002468                _init
 .init          0x0000246c        0x8 c:/program files/cypress/psoc creator/3.3/psoc creator/import/gnu/arm/4.9.3/bin/../lib/gcc/arm-none-eabi/4.9.3/armv7-m/crtn.o
                0x00002474                . = ALIGN (0x4)
                0x00002474                __preinit_array_start = .
 *(.preinit_array)
                0x00002474                __preinit_array_end = .
                0x00002474                . = ALIGN (0x4)
                0x00002474                __init_array_start = .
 *(SORT(.init_array.*))
 *(.init_array)
 .init_array    0x00002474        0x4 c:/program files/cypress/psoc creator/3.3/psoc creator/import/gnu/arm/4.9.3/bin/../lib/gcc/arm-none-eabi/4.9.3/armv7-m/crtbegin.o
 .init_array    0x00002478        0x4 .\CortexM3\ARM_GCC_493\Debug\Cm3Start.o
                0x0000247c                __init_array_end = .
                0x0000247c                . = ALIGN (0x4)
 *(.fini)
 .fini          0x0000247c        0x4 c:/program files/cypress/psoc creator/3.3/psoc creator/import/gnu/arm/4.9.3/bin/../lib/gcc/arm-none-eabi/4.9.3/armv7-m/crti.o
                0x0000247c                _fini
 .fini          0x00002480        0x8 c:/program files/cypress/psoc creator/3.3/psoc creator/import/gnu/arm/4.9.3/bin/../lib/gcc/arm-none-eabi/4.9.3/armv7-m/crtn.o
                0x00002488                . = ALIGN (0x4)
                0x00002488                __fini_array_start = .
 *(.fini_array)
 .fini_array    0x00002488        0x4 c:/program files/cypress/psoc creator/3.3/psoc creator/import/gnu/arm/4.9.3/bin/../lib/gcc/arm-none-eabi/4.9.3/armv7-m/crtbegin.o
 *(SORT(.fini_array.*))
                0x0000248c                __fini_array_end = .
                0x0000248c                . = ALIGN (0x4)
 *crtbegin.o(.ctors)
 *(EXCLUDE_FILE(*crtend.o) .ctors)
 *(SORT(.ctors.*))
 *crtend.o(.ctors)
                0x0000248c                . = ALIGN (0x4)
 *crtbegin.o(.dtors)
 *(EXCLUDE_FILE(*crtend.o) .dtors)
 *(SORT(.dtors.*))
 *crtend.o(.dtors)
                0x0000248c                . = ALIGN (0x4)
                0x0000248c                __cy_regions = .
                0x0000248c        0x4 LONG 0x24a0 __cy_region_init_ram
                0x00002490        0x4 LONG 0x1fff8108 __cy_region_start_data
                0x00002494        0x4 LONG 0x80 __cy_region_init_size_ram
                0x00002498        0x4 LONG 0x110 __cy_region_zero_size_ram
                0x0000249c                __cy_regions_end = .
                0x000024a0                . = ALIGN (0x8)
 *fill*         0x0000249c        0x4 
                0x000024a0                _etext = .

.cy_checksum_exclude
                0x000024a0        0x0
 *(.cy_checksum_exclude)

.ramvectors     0x1fff8000      0x100
                0x1fff8000                __cy_region_start_ram = .
 *(.ramvectors)
 .ramvectors    0x1fff8000      0x100 .\CortexM3\ARM_GCC_493\Debug\Cm3Start.o
                0x1fff8000                CyRamVectors

.noinit         0x1fff8100        0x5
 *(.noinit)
 .noinit        0x1fff8100        0x4 .\CortexM3\ARM_GCC_493\Debug\Cm3Start.o
 .noinit        0x1fff8104        0x1 .\CortexM3\ARM_GCC_493\Debug\Vomit.a(CyLib.o)
                0x1fff8104                CyResetStatus

.data           0x1fff8108       0x80 load address 0x000024a0
                0x1fff8108                __cy_region_start_data = .
 *(.jcr)
 .jcr           0x1fff8108        0x0 c:/program files/cypress/psoc creator/3.3/psoc creator/import/gnu/arm/4.9.3/bin/../lib/gcc/arm-none-eabi/4.9.3/armv7-m/crtbegin.o
 .jcr           0x1fff8108        0x4 c:/program files/cypress/psoc creator/3.3/psoc creator/import/gnu/arm/4.9.3/bin/../lib/gcc/arm-none-eabi/4.9.3/armv7-m/crtend.o
 *(.got.plt)
 *(.got)
 *(.shdata)
 *(.data .data.* .gnu.linkonce.d.*)
 .data          0x1fff810c        0x4 .\CortexM3\ARM_GCC_493\Debug\Cm3Start.o
 .data          0x1fff8110       0x10 .\CortexM3\ARM_GCC_493\Debug\Vomit.a(CyLib.o)
                0x1fff8110                cydelay_32k_ms
                0x1fff8114                cydelay_freq_khz
                0x1fff8118                cydelay_freq_mhz
                0x1fff811c                cydelay_freq_hz
 .data.impure_data
                0x1fff8120       0x60 c:/program files/cypress/psoc creator/3.3/psoc creator/import/gnu/arm/4.9.3/bin/../lib/gcc/arm-none-eabi/4.9.3/../../../../arm-none-eabi/lib/armv7-m\libg_nano.a(lib_a-impure.o)
 .data._impure_ptr
                0x1fff8180        0x4 c:/program files/cypress/psoc creator/3.3/psoc creator/import/gnu/arm/4.9.3/bin/../lib/gcc/arm-none-eabi/4.9.3/../../../../arm-none-eabi/lib/armv7-m\libg_nano.a(lib_a-impure.o)
                0x1fff8180                _impure_ptr
                0x1fff8188                . = ALIGN (0x8)
 *fill*         0x1fff8184        0x4 
 *(.ram)
                0x1fff8188                _edata = .

.igot.plt       0x1fff8188        0x0 load address 0x00002520
 .igot.plt      0x00000000        0x0 c:/program files/cypress/psoc creator/3.3/psoc creator/import/gnu/arm/4.9.3/bin/../lib/gcc/arm-none-eabi/4.9.3/armv7-m/crtbegin.o

.bss            0x1fff8188      0x110 load address 0x00002520
                0x1fff8188                PROVIDE (__bss_start__, .)
 *(.shbss)
 *(.bss .bss.* .gnu.linkonce.b.*)
 .bss           0x1fff8188       0x1c c:/program files/cypress/psoc creator/3.3/psoc creator/import/gnu/arm/4.9.3/bin/../lib/gcc/arm-none-eabi/4.9.3/armv7-m/crtbegin.o
 .bss           0x1fff81a4       0x20 .\CortexM3\ARM_GCC_493\Debug\main.o
 .bss           0x1fff81c4        0x1 .\CortexM3\ARM_GCC_493\Debug\Vomit.a(USBFS_1.o)
                0x1fff81c4                USBFS_1_initVar
 *fill*         0x1fff81c5        0x3 
 .bss           0x1fff81c8        0x4 .\CortexM3\ARM_GCC_493\Debug\Vomit.a(USBFS_1_std.o)
 .bss           0x1fff81cc        0x1 .\CortexM3\ARM_GCC_493\Debug\Vomit.a(ShiftReg_1.o)
                0x1fff81cc                ShiftReg_1_initVar
 *fill*         0x1fff81cd        0x3 
 .bss.__malloc_sbrk_start
                0x1fff81d0        0x4 c:/program files/cypress/psoc creator/3.3/psoc creator/import/gnu/arm/4.9.3/bin/../lib/gcc/arm-none-eabi/4.9.3/../../../../arm-none-eabi/lib/armv7-m\libg_nano.a(lib_a-nano-mallocr.o)
                0x1fff81d0                __malloc_sbrk_start
 .bss.__malloc_free_list
                0x1fff81d4        0x4 c:/program files/cypress/psoc creator/3.3/psoc creator/import/gnu/arm/4.9.3/bin/../lib/gcc/arm-none-eabi/4.9.3/../../../../arm-none-eabi/lib/armv7-m\libg_nano.a(lib_a-nano-mallocr.o)
                0x1fff81d4                __malloc_free_list
 *(COMMON)
 COMMON         0x1fff81d8       0x18 .\CortexM3\ARM_GCC_493\Debug\Vomit.a(USBFS_1_descr.o)
                0x1fff81d8                USBFS_1_DEVICE0_CONFIGURATION0_INTERFACE0_ALTERNATE0_HID_OUT_BUF
                0x1fff81dc                USBFS_1_DEVICE0_CONFIGURATION0_INTERFACE0_ALTERNATE0_HID_IN_RPT_SCB
                0x1fff81e0                USBFS_1_DEVICE0_CONFIGURATION0_INTERFACE0_ALTERNATE0_HID_IN_BUF
                0x1fff81ec                USBFS_1_DEVICE0_CONFIGURATION0_INTERFACE0_ALTERNATE0_HID_OUT_RPT_SCB
 COMMON         0x1fff81f0       0x96 .\CortexM3\ARM_GCC_493\Debug\Vomit.a(USBFS_1_drv.o)
                0x1fff81f0                USBFS_1_lastPacketSize
                0x1fff81f2                USBFS_1_transferByteCount
                0x1fff81f4                USBFS_1_interfaceSetting
                0x1fff81f8                USBFS_1_interfaceClass
                0x1fff81fc                USBFS_1_device
                0x1fff81fd                USBFS_1_deviceAddress
                0x1fff81fe                USBFS_1_ep0Count
                0x1fff81ff                USBFS_1_ep0Mode
                0x1fff8200                USBFS_1_currentTD
                0x1fff820c                USBFS_1_configuration
                0x1fff8210                USBFS_1_interfaceSettingLast
                0x1fff8211                USBFS_1_interfaceNumber
                0x1fff8212                USBFS_1_configurationChanged
                0x1fff8213                USBFS_1_transferState
                0x1fff8214                USBFS_1_EP
                0x1fff8280                USBFS_1_ep0Toggle
                0x1fff8284                USBFS_1_interfaceStatus
                0x1fff8285                USBFS_1_deviceStatus
 *fill*         0x1fff8286        0x2 
 COMMON         0x1fff8288        0x9 .\CortexM3\ARM_GCC_493\Debug\Vomit.a(USBFS_1_hid.o)
                0x1fff8288                USBFS_1_hidIdleTimer
                0x1fff828c                USBFS_1_hidIdleRate
                0x1fff8290                USBFS_1_hidProtocol
 *fill*         0x1fff8291        0x3 
 COMMON         0x1fff8294        0x4 c:/program files/cypress/psoc creator/3.3/psoc creator/import/gnu/arm/4.9.3/bin/../lib/gcc/arm-none-eabi/4.9.3/../../../../arm-none-eabi/lib/armv7-m\libg_nano.a(lib_a-reent.o)
                0x1fff8294                errno
                0x1fff8298                . = ALIGN (0x8)
 *(.ram.b)
                0x1fff8298                _end = .
                0x1fff8298                __end = .
                0x1fff8298                PROVIDE (end, .)
                0x1fff8298                PROVIDE (__bss_end__, .)
                0x000024a0                __cy_region_init_ram = LOADADDR (.data)
                0x00000080                __cy_region_init_size_ram = (_edata - ADDR (.data))
                0x00000110                __cy_region_zero_size_ram = (_end - _edata)

.heap           0x1fff8298       0x80 load address 0x00002520
                0x1fff8298                . = _end
                0x1fff8318                . = (. + 0x80)
 *fill*         0x1fff8298       0x80 
                0x1fff8318                __cy_heap_limit = .

.stack          0x20007800      0x800
                0x20007800                __cy_stack_limit = .
                0x20008000                . = (. + 0x800)
 *fill*         0x20007800      0x800 
                0x00000001                ASSERT ((__cy_stack_limit >= __cy_heap_limit), region RAM overflowed with stack)
                0x00000000                cy_checksum_exclude_size = (CY_APPL_LOADABLE == 0x1)?SIZEOF (.cy_checksum_exclude):0x0
                0x00000001                ASSERT ((cy_checksum_exclude_size <= CY_CHECKSUM_EXCLUDE_SIZE), CY_BOOT: Section .cy_checksum_exclude size exceedes specified limit.)

.cyloadermeta
 *(.cyloadermeta)

.cyloadablemeta
 *(.cyloadablemeta)

.cyconfigecc    0x80000000      0x258
 *(.cyconfigecc)
 .cyconfigecc   0x80000000      0x258 .\CortexM3\ARM_GCC_493\Debug\cymetadata.o
                0x80000000                cy_meta_configecc

.cycustnvl      0x90000000        0x4
 *(.cycustnvl)
 .cycustnvl     0x90000000        0x4 .\CortexM3\ARM_GCC_493\Debug\cymetadata.o
                0x90000000                cy_meta_custnvl

.cywolatch      0x90100000        0x4
 *(.cywolatch)
 .cywolatch     0x90100000        0x4 .\CortexM3\ARM_GCC_493\Debug\cymetadata.o
                0x90100000                cy_meta_wonvl

.cyeeprom       0x90200000        0x0
 *(.cyeeprom)
                0x00000001                ASSERT ((. <= ((0x90200000 + ee_offset) + ee_size)), .cyeeprom data will not fit in EEPROM)

.cyflashprotect
                0x90400000      0x100
 *(.cyflashprotect)
 .cyflashprotect
                0x90400000      0x100 .\CortexM3\ARM_GCC_493\Debug\cymetadata.o
                0x90400000                cy_meta_flashprotect

.cymeta         0x90500000        0xc
 *(.cymeta)
 .cymeta        0x90500000        0xc .\CortexM3\ARM_GCC_493\Debug\cymetadata.o
                0x90500000                cy_metadata

.rel.dyn        0x00002520        0x0 load address 0x9050000c
 .rel.iplt      0x00000000        0x0 c:/program files/cypress/psoc creator/3.3/psoc creator/import/gnu/arm/4.9.3/bin/../lib/gcc/arm-none-eabi/4.9.3/armv7-m/crtbegin.o

.stab
 *(.stab)

.stabstr
 *(.stabstr)

.debug
 *(.debug)

.line
 *(.line)

.debug_srcinfo
 *(.debug_srcinfo)

.debug_sfnames
 *(.debug_sfnames)

.debug_aranges  0x00000000      0x938
 *(.debug_aranges)
 .debug_aranges
                0x00000000       0x30 .\CortexM3\ARM_GCC_493\Debug\main.o
 .debug_aranges
                0x00000030       0x18 .\CortexM3\ARM_GCC_493\Debug\cymetadata.o
 .debug_aranges
                0x00000048       0x48 .\CortexM3\ARM_GCC_493\Debug\Cm3Start.o
 .debug_aranges
                0x00000090       0x58 .\CortexM3\ARM_GCC_493\Debug\Vomit.a(cyfitter_cfg.o)
 .debug_aranges
                0x000000e8       0xc8 .\CortexM3\ARM_GCC_493\Debug\Vomit.a(USBFS_1.o)
 .debug_aranges
                0x000001b0       0x18 .\CortexM3\ARM_GCC_493\Debug\Vomit.a(USBFS_1_descr.o)
 .debug_aranges
                0x000001c8       0x98 .\CortexM3\ARM_GCC_493\Debug\Vomit.a(USBFS_1_drv.o)
 .debug_aranges
                0x00000260       0x28 .\CortexM3\ARM_GCC_493\Debug\Vomit.a(USBFS_1_episr.o)
 .debug_aranges
                0x00000288       0x48 .\CortexM3\ARM_GCC_493\Debug\Vomit.a(USBFS_1_hid.o)
 .debug_aranges
                0x000002d0       0x40 .\CortexM3\ARM_GCC_493\Debug\Vomit.a(USBFS_1_pm.o)
 .debug_aranges
                0x00000310       0x78 .\CortexM3\ARM_GCC_493\Debug\Vomit.a(USBFS_1_std.o)
 .debug_aranges
                0x00000388       0x20 .\CortexM3\ARM_GCC_493\Debug\Vomit.a(USBFS_1_vnd.o)
 .debug_aranges
                0x000003a8       0x38 .\CortexM3\ARM_GCC_493\Debug\Vomit.a(SWITCHPIN.o)
 .debug_aranges
                0x000003e0       0x38 .\CortexM3\ARM_GCC_493\Debug\Vomit.a(LEDPIN.o)
 .debug_aranges
                0x00000418       0x48 .\CortexM3\ARM_GCC_493\Debug\Vomit.a(USBFS_1_Dp.o)
 .debug_aranges
                0x00000460       0x20 .\CortexM3\ARM_GCC_493\Debug\Vomit.a(CyBootAsmGnu.o)
 .debug_aranges
                0x00000480      0x298 .\CortexM3\ARM_GCC_493\Debug\Vomit.a(CyLib.o)
 .debug_aranges
                0x00000718       0x98 .\CortexM3\ARM_GCC_493\Debug\Vomit.a(cyPm.o)
 .debug_aranges
                0x000007b0       0x70 .\CortexM3\ARM_GCC_493\Debug\Vomit.a(ShiftReg_1.o)
 .debug_aranges
                0x00000820       0x20 .\CortexM3\ARM_GCC_493\Debug\Vomit.a(USBFS_1_cls.o)
 .debug_aranges
                0x00000840       0x80 .\CortexM3\ARM_GCC_493\Debug\Vomit.a(CyFlash.o)
 .debug_aranges
                0x000008c0       0x78 .\CortexM3\ARM_GCC_493\Debug\Vomit.a(CySpc.o)

.debug_pubnames
 *(.debug_pubnames)

.debug_info     0x00000000     0x678a
 *(.debug_info .gnu.linkonce.wi.*)
 .debug_info    0x00000000      0x4c4 .\CortexM3\ARM_GCC_493\Debug\main.o
 .debug_info    0x000004c4      0x13b .\CortexM3\ARM_GCC_493\Debug\cymetadata.o
 .debug_info    0x000005ff      0x3a5 .\CortexM3\ARM_GCC_493\Debug\Cm3Start.o
 .debug_info    0x000009a4      0x4d3 .\CortexM3\ARM_GCC_493\Debug\Vomit.a(cyfitter_cfg.o)
 .debug_info    0x00000e77      0x95d .\CortexM3\ARM_GCC_493\Debug\Vomit.a(USBFS_1.o)
 .debug_info    0x000017d4      0x3ce .\CortexM3\ARM_GCC_493\Debug\Vomit.a(USBFS_1_descr.o)
 .debug_info    0x00001ba2      0x649 .\CortexM3\ARM_GCC_493\Debug\Vomit.a(USBFS_1_drv.o)
 .debug_info    0x000021eb      0x210 .\CortexM3\ARM_GCC_493\Debug\Vomit.a(USBFS_1_episr.o)
 .debug_info    0x000023fb      0x43e .\CortexM3\ARM_GCC_493\Debug\Vomit.a(USBFS_1_hid.o)
 .debug_info    0x00002839      0x2ef .\CortexM3\ARM_GCC_493\Debug\Vomit.a(USBFS_1_pm.o)
 .debug_info    0x00002b28      0x9e1 .\CortexM3\ARM_GCC_493\Debug\Vomit.a(USBFS_1_std.o)
 .debug_info    0x00003509       0xe6 .\CortexM3\ARM_GCC_493\Debug\Vomit.a(USBFS_1_vnd.o)
 .debug_info    0x000035ef      0x11f .\CortexM3\ARM_GCC_493\Debug\Vomit.a(SWITCHPIN.o)
 .debug_info    0x0000370e      0x11f .\CortexM3\ARM_GCC_493\Debug\Vomit.a(LEDPIN.o)
 .debug_info    0x0000382d      0x174 .\CortexM3\ARM_GCC_493\Debug\Vomit.a(USBFS_1_Dp.o)
 .debug_info    0x000039a1       0x9e .\CortexM3\ARM_GCC_493\Debug\Vomit.a(CyBootAsmGnu.o)
 .debug_info    0x00003a3f     0x1371 .\CortexM3\ARM_GCC_493\Debug\Vomit.a(CyLib.o)
 .debug_info    0x00004db0      0xa58 .\CortexM3\ARM_GCC_493\Debug\Vomit.a(cyPm.o)
 .debug_info    0x00005808      0x2b6 .\CortexM3\ARM_GCC_493\Debug\Vomit.a(ShiftReg_1.o)
 .debug_info    0x00005abe      0x1d2 .\CortexM3\ARM_GCC_493\Debug\Vomit.a(USBFS_1_cls.o)
 .debug_info    0x00005c90      0x60a .\CortexM3\ARM_GCC_493\Debug\Vomit.a(CyFlash.o)
 .debug_info    0x0000629a      0x4f0 .\CortexM3\ARM_GCC_493\Debug\Vomit.a(CySpc.o)

.debug_abbrev   0x00000000     0x1d40
 *(.debug_abbrev)
 .debug_abbrev  0x00000000      0x1b0 .\CortexM3\ARM_GCC_493\Debug\main.o
 .debug_abbrev  0x000001b0       0x66 .\CortexM3\ARM_GCC_493\Debug\cymetadata.o
 .debug_abbrev  0x00000216      0x20f .\CortexM3\ARM_GCC_493\Debug\Cm3Start.o
 .debug_abbrev  0x00000425      0x203 .\CortexM3\ARM_GCC_493\Debug\Vomit.a(cyfitter_cfg.o)
 .debug_abbrev  0x00000628      0x25e .\CortexM3\ARM_GCC_493\Debug\Vomit.a(USBFS_1.o)
 .debug_abbrev  0x00000886       0xbb .\CortexM3\ARM_GCC_493\Debug\Vomit.a(USBFS_1_descr.o)
 .debug_abbrev  0x00000941      0x18b .\CortexM3\ARM_GCC_493\Debug\Vomit.a(USBFS_1_drv.o)
 .debug_abbrev  0x00000acc      0x103 .\CortexM3\ARM_GCC_493\Debug\Vomit.a(USBFS_1_episr.o)
 .debug_abbrev  0x00000bcf      0x18b .\CortexM3\ARM_GCC_493\Debug\Vomit.a(USBFS_1_hid.o)
 .debug_abbrev  0x00000d5a      0x146 .\CortexM3\ARM_GCC_493\Debug\Vomit.a(USBFS_1_pm.o)
 .debug_abbrev  0x00000ea0      0x1dc .\CortexM3\ARM_GCC_493\Debug\Vomit.a(USBFS_1_std.o)
 .debug_abbrev  0x0000107c       0x9b .\CortexM3\ARM_GCC_493\Debug\Vomit.a(USBFS_1_vnd.o)
 .debug_abbrev  0x00001117       0x90 .\CortexM3\ARM_GCC_493\Debug\Vomit.a(SWITCHPIN.o)
 .debug_abbrev  0x000011a7       0x90 .\CortexM3\ARM_GCC_493\Debug\Vomit.a(LEDPIN.o)
 .debug_abbrev  0x00001237       0x90 .\CortexM3\ARM_GCC_493\Debug\Vomit.a(USBFS_1_Dp.o)
 .debug_abbrev  0x000012c7       0x14 .\CortexM3\ARM_GCC_493\Debug\Vomit.a(CyBootAsmGnu.o)
 .debug_abbrev  0x000012db      0x296 .\CortexM3\ARM_GCC_493\Debug\Vomit.a(CyLib.o)
 .debug_abbrev  0x00001571      0x1ed .\CortexM3\ARM_GCC_493\Debug\Vomit.a(cyPm.o)
 .debug_abbrev  0x0000175e      0x16d .\CortexM3\ARM_GCC_493\Debug\Vomit.a(ShiftReg_1.o)
 .debug_abbrev  0x000018cb       0xe3 .\CortexM3\ARM_GCC_493\Debug\Vomit.a(USBFS_1_cls.o)
 .debug_abbrev  0x000019ae      0x1d1 .\CortexM3\ARM_GCC_493\Debug\Vomit.a(CyFlash.o)
 .debug_abbrev  0x00001b7f      0x1c1 .\CortexM3\ARM_GCC_493\Debug\Vomit.a(CySpc.o)

.debug_line     0x00000000     0x2697
 *(.debug_line)
 .debug_line    0x00000000      0x234 .\CortexM3\ARM_GCC_493\Debug\main.o
 .debug_line    0x00000234       0x53 .\CortexM3\ARM_GCC_493\Debug\cymetadata.o
 .debug_line    0x00000287      0x23d .\CortexM3\ARM_GCC_493\Debug\Cm3Start.o
 .debug_line    0x000004c4      0x1d8 .\CortexM3\ARM_GCC_493\Debug\Vomit.a(cyfitter_cfg.o)
 .debug_line    0x0000069c      0x2de .\CortexM3\ARM_GCC_493\Debug\Vomit.a(USBFS_1.o)
 .debug_line    0x0000097a       0x63 .\CortexM3\ARM_GCC_493\Debug\Vomit.a(USBFS_1_descr.o)
 .debug_line    0x000009dd      0x223 .\CortexM3\ARM_GCC_493\Debug\Vomit.a(USBFS_1_drv.o)
 .debug_line    0x00000c00       0xa1 .\CortexM3\ARM_GCC_493\Debug\Vomit.a(USBFS_1_episr.o)
 .debug_line    0x00000ca1      0x151 .\CortexM3\ARM_GCC_493\Debug\Vomit.a(USBFS_1_hid.o)
 .debug_line    0x00000df2      0x110 .\CortexM3\ARM_GCC_493\Debug\Vomit.a(USBFS_1_pm.o)
 .debug_line    0x00000f02      0x36f .\CortexM3\ARM_GCC_493\Debug\Vomit.a(USBFS_1_std.o)
 .debug_line    0x00001271       0x75 .\CortexM3\ARM_GCC_493\Debug\Vomit.a(USBFS_1_vnd.o)
 .debug_line    0x000012e6       0x98 .\CortexM3\ARM_GCC_493\Debug\Vomit.a(SWITCHPIN.o)
 .debug_line    0x0000137e       0x95 .\CortexM3\ARM_GCC_493\Debug\Vomit.a(LEDPIN.o)
 .debug_line    0x00001413       0xbd .\CortexM3\ARM_GCC_493\Debug\Vomit.a(USBFS_1_Dp.o)
 .debug_line    0x000014d0       0x68 .\CortexM3\ARM_GCC_493\Debug\Vomit.a(CyBootAsmGnu.o)
 .debug_line    0x00001538      0x806 .\CortexM3\ARM_GCC_493\Debug\Vomit.a(CyLib.o)
 .debug_line    0x00001d3e      0x366 .\CortexM3\ARM_GCC_493\Debug\Vomit.a(cyPm.o)
 .debug_line    0x000020a4      0x137 .\CortexM3\ARM_GCC_493\Debug\Vomit.a(ShiftReg_1.o)
 .debug_line    0x000021db       0x92 .\CortexM3\ARM_GCC_493\Debug\Vomit.a(USBFS_1_cls.o)
 .debug_line    0x0000226d      0x1ec .\CortexM3\ARM_GCC_493\Debug\Vomit.a(CyFlash.o)
 .debug_line    0x00002459      0x23e .\CortexM3\ARM_GCC_493\Debug\Vomit.a(CySpc.o)

.debug_frame    0x00000000     0x1a30
 *(.debug_frame)
 .debug_frame   0x00000000       0x64 .\CortexM3\ARM_GCC_493\Debug\main.o
 .debug_frame   0x00000064       0xac .\CortexM3\ARM_GCC_493\Debug\Cm3Start.o
 .debug_frame   0x00000110       0xe4 .\CortexM3\ARM_GCC_493\Debug\Vomit.a(cyfitter_cfg.o)
 .debug_frame   0x000001f4      0x1dc .\CortexM3\ARM_GCC_493\Debug\Vomit.a(USBFS_1.o)
 .debug_frame   0x000003d0      0x194 .\CortexM3\ARM_GCC_493\Debug\Vomit.a(USBFS_1_drv.o)
 .debug_frame   0x00000564       0x3c .\CortexM3\ARM_GCC_493\Debug\Vomit.a(USBFS_1_episr.o)
 .debug_frame   0x000005a0       0xa0 .\CortexM3\ARM_GCC_493\Debug\Vomit.a(USBFS_1_hid.o)
 .debug_frame   0x00000640       0xa0 .\CortexM3\ARM_GCC_493\Debug\Vomit.a(USBFS_1_pm.o)
 .debug_frame   0x000006e0      0x150 .\CortexM3\ARM_GCC_493\Debug\Vomit.a(USBFS_1_std.o)
 .debug_frame   0x00000830       0x20 .\CortexM3\ARM_GCC_493\Debug\Vomit.a(USBFS_1_vnd.o)
 .debug_frame   0x00000850       0x50 .\CortexM3\ARM_GCC_493\Debug\Vomit.a(SWITCHPIN.o)
 .debug_frame   0x000008a0       0x50 .\CortexM3\ARM_GCC_493\Debug\Vomit.a(LEDPIN.o)
 .debug_frame   0x000008f0       0x70 .\CortexM3\ARM_GCC_493\Debug\Vomit.a(USBFS_1_Dp.o)
 .debug_frame   0x00000960      0x728 .\CortexM3\ARM_GCC_493\Debug\Vomit.a(CyLib.o)
 .debug_frame   0x00001088      0x1f8 .\CortexM3\ARM_GCC_493\Debug\Vomit.a(cyPm.o)
 .debug_frame   0x00001280      0x114 .\CortexM3\ARM_GCC_493\Debug\Vomit.a(ShiftReg_1.o)
 .debug_frame   0x00001394       0x2c .\CortexM3\ARM_GCC_493\Debug\Vomit.a(USBFS_1_cls.o)
 .debug_frame   0x000013c0      0x174 .\CortexM3\ARM_GCC_493\Debug\Vomit.a(CyFlash.o)
 .debug_frame   0x00001534      0x160 .\CortexM3\ARM_GCC_493\Debug\Vomit.a(CySpc.o)
 .debug_frame   0x00001694       0x20 c:/program files/cypress/psoc creator/3.3/psoc creator/import/gnu/arm/4.9.3/bin/../lib/gcc/arm-none-eabi/4.9.3/../../../../arm-none-eabi/lib/armv7-m\libg_nano.a(lib_a-errno.o)
 .debug_frame   0x000016b4       0x28 c:/program files/cypress/psoc creator/3.3/psoc creator/import/gnu/arm/4.9.3/bin/../lib/gcc/arm-none-eabi/4.9.3/../../../../arm-none-eabi/lib/armv7-m\libg_nano.a(lib_a-exit.o)
 .debug_frame   0x000016dc       0x2c c:/program files/cypress/psoc creator/3.3/psoc creator/import/gnu/arm/4.9.3/bin/../lib/gcc/arm-none-eabi/4.9.3/../../../../arm-none-eabi/lib/armv7-m\libg_nano.a(lib_a-init.o)
 .debug_frame   0x00001708       0x28 c:/program files/cypress/psoc creator/3.3/psoc creator/import/gnu/arm/4.9.3/bin/../lib/gcc/arm-none-eabi/4.9.3/../../../../arm-none-eabi/lib/armv7-m\libg_nano.a(lib_a-memcpy.o)
 .debug_frame   0x00001730       0x20 c:/program files/cypress/psoc creator/3.3/psoc creator/import/gnu/arm/4.9.3/bin/../lib/gcc/arm-none-eabi/4.9.3/../../../../arm-none-eabi/lib/armv7-m\libg_nano.a(lib_a-memset.o)
 .debug_frame   0x00001750       0x70 c:/program files/cypress/psoc creator/3.3/psoc creator/import/gnu/arm/4.9.3/bin/../lib/gcc/arm-none-eabi/4.9.3/../../../../arm-none-eabi/lib/armv7-m\libg_nano.a(lib_a-sprintf.o)
 .debug_frame   0x000017c0       0x8c c:/program files/cypress/psoc creator/3.3/psoc creator/import/gnu/arm/4.9.3/bin/../lib/gcc/arm-none-eabi/4.9.3/../../../../arm-none-eabi/lib/armv7-m\libg_nano.a(lib_a-nano-svfprintf.o)
 .debug_frame   0x0000184c       0x58 c:/program files/cypress/psoc creator/3.3/psoc creator/import/gnu/arm/4.9.3/bin/../lib/gcc/arm-none-eabi/4.9.3/../../../../arm-none-eabi/lib/armv7-m\libg_nano.a(lib_a-nano-vfprintf_i.o)
 .debug_frame   0x000018a4       0x28 c:/program files/cypress/psoc creator/3.3/psoc creator/import/gnu/arm/4.9.3/bin/../lib/gcc/arm-none-eabi/4.9.3/../../../../arm-none-eabi/lib/armv7-m\libg_nano.a(lib_a-memchr.o)
 .debug_frame   0x000018cc       0x28 c:/program files/cypress/psoc creator/3.3/psoc creator/import/gnu/arm/4.9.3/bin/../lib/gcc/arm-none-eabi/4.9.3/../../../../arm-none-eabi/lib/armv7-m\libg_nano.a(lib_a-memmove.o)
 .debug_frame   0x000018f4       0x2c c:/program files/cypress/psoc creator/3.3/psoc creator/import/gnu/arm/4.9.3/bin/../lib/gcc/arm-none-eabi/4.9.3/../../../../arm-none-eabi/lib/armv7-m\libg_nano.a(lib_a-nano-freer.o)
 .debug_frame   0x00001920       0x2c c:/program files/cypress/psoc creator/3.3/psoc creator/import/gnu/arm/4.9.3/bin/../lib/gcc/arm-none-eabi/4.9.3/../../../../arm-none-eabi/lib/armv7-m\libg_nano.a(lib_a-nano-mallocr.o)
 .debug_frame   0x0000194c       0x3c c:/program files/cypress/psoc creator/3.3/psoc creator/import/gnu/arm/4.9.3/bin/../lib/gcc/arm-none-eabi/4.9.3/../../../../arm-none-eabi/lib/armv7-m\libg_nano.a(lib_a-nano-reallocr.o)
 .debug_frame   0x00001988       0x2c c:/program files/cypress/psoc creator/3.3/psoc creator/import/gnu/arm/4.9.3/bin/../lib/gcc/arm-none-eabi/4.9.3/../../../../arm-none-eabi/lib/armv7-m\libg_nano.a(lib_a-sbrkr.o)
 .debug_frame   0x000019b4       0x20 c:/program files/cypress/psoc creator/3.3/psoc creator/import/gnu/arm/4.9.3/bin/../lib/gcc/arm-none-eabi/4.9.3/../../../../arm-none-eabi/lib/armv7-m\libg_nano.a(lib_a-nano-msizer.o)
 .debug_frame   0x000019d4       0x5c c:/program files/cypress/psoc creator/3.3/psoc creator/import/gnu/arm/4.9.3/bin/../lib/gcc/arm-none-eabi/4.9.3/../../../../arm-none-eabi/lib/armv7-m\libg_nano.a(lib_a-reent.o)

.debug_str      0x00000000     0x2536
 *(.debug_str)
 .debug_str     0x00000000      0x2bf .\CortexM3\ARM_GCC_493\Debug\main.o
                                0x300 (size before relaxing)
 .debug_str     0x000002bf       0x77 .\CortexM3\ARM_GCC_493\Debug\cymetadata.o
                                0x1f8 (size before relaxing)
 .debug_str     0x00000336      0x15f .\CortexM3\ARM_GCC_493\Debug\Cm3Start.o
                                0x30c (size before relaxing)
 .debug_str     0x00000495      0x156 .\CortexM3\ARM_GCC_493\Debug\Vomit.a(cyfitter_cfg.o)
                                0x311 (size before relaxing)
 .debug_str     0x000005eb      0x438 .\CortexM3\ARM_GCC_493\Debug\Vomit.a(USBFS_1.o)
                                0x673 (size before relaxing)
 .debug_str     0x00000a23      0x38e .\CortexM3\ARM_GCC_493\Debug\Vomit.a(USBFS_1_descr.o)
                                0x58b (size before relaxing)
 .debug_str     0x00000db1      0x326 .\CortexM3\ARM_GCC_493\Debug\Vomit.a(USBFS_1_drv.o)
                                0x64a (size before relaxing)
 .debug_str     0x000010d7       0x50 .\CortexM3\ARM_GCC_493\Debug\Vomit.a(USBFS_1_episr.o)
                                0x2af (size before relaxing)
 .debug_str     0x00001127      0x127 .\CortexM3\ARM_GCC_493\Debug\Vomit.a(USBFS_1_hid.o)
                                0x404 (size before relaxing)
 .debug_str     0x0000124e       0xee .\CortexM3\ARM_GCC_493\Debug\Vomit.a(USBFS_1_pm.o)
                                0x2f9 (size before relaxing)
 .debug_str     0x0000133c      0x1a9 .\CortexM3\ARM_GCC_493\Debug\Vomit.a(USBFS_1_std.o)
                                0x722 (size before relaxing)
 .debug_str     0x000014e5       0x27 .\CortexM3\ARM_GCC_493\Debug\Vomit.a(USBFS_1_vnd.o)
                                0x1ef (size before relaxing)
 .debug_str     0x0000150c       0x6d .\CortexM3\ARM_GCC_493\Debug\Vomit.a(SWITCHPIN.o)
                                0x204 (size before relaxing)
 .debug_str     0x00001579       0x55 .\CortexM3\ARM_GCC_493\Debug\Vomit.a(LEDPIN.o)
                                0x1f5 (size before relaxing)
 .debug_str     0x000015ce       0x9b .\CortexM3\ARM_GCC_493\Debug\Vomit.a(USBFS_1_Dp.o)
                                0x24f (size before relaxing)
 .debug_str     0x00001669      0x7e2 .\CortexM3\ARM_GCC_493\Debug\Vomit.a(CyLib.o)
                                0xa31 (size before relaxing)
 .debug_str     0x00001e4b      0x35b .\CortexM3\ARM_GCC_493\Debug\Vomit.a(cyPm.o)
                                0x729 (size before relaxing)
 .debug_str     0x000021a6      0x11d .\CortexM3\ARM_GCC_493\Debug\Vomit.a(ShiftReg_1.o)
                                0x316 (size before relaxing)
 .debug_str     0x000022c3       0x27 .\CortexM3\ARM_GCC_493\Debug\Vomit.a(USBFS_1_cls.o)
                                0x2ae (size before relaxing)
 .debug_str     0x000022ea      0x19e .\CortexM3\ARM_GCC_493\Debug\Vomit.a(CyFlash.o)
                                0x3a3 (size before relaxing)
 .debug_str     0x00002488       0xae .\CortexM3\ARM_GCC_493\Debug\Vomit.a(CySpc.o)
                                0x32c (size before relaxing)

.debug_loc      0x00000000     0x2c89
 *(.debug_loc)
 .debug_loc     0x00000000      0x144 .\CortexM3\ARM_GCC_493\Debug\Cm3Start.o
 .debug_loc     0x00000144      0x1d7 .\CortexM3\ARM_GCC_493\Debug\Vomit.a(cyfitter_cfg.o)
 .debug_loc     0x0000031b      0x435 .\CortexM3\ARM_GCC_493\Debug\Vomit.a(USBFS_1.o)
 .debug_loc     0x00000750      0x171 .\CortexM3\ARM_GCC_493\Debug\Vomit.a(USBFS_1_drv.o)
 .debug_loc     0x000008c1      0x3a8 .\CortexM3\ARM_GCC_493\Debug\Vomit.a(USBFS_1_hid.o)
 .debug_loc     0x00000c69       0x26 .\CortexM3\ARM_GCC_493\Debug\Vomit.a(USBFS_1_pm.o)
 .debug_loc     0x00000c8f      0x87d .\CortexM3\ARM_GCC_493\Debug\Vomit.a(USBFS_1_std.o)
 .debug_loc     0x0000150c       0x42 .\CortexM3\ARM_GCC_493\Debug\Vomit.a(SWITCHPIN.o)
 .debug_loc     0x0000154e       0x42 .\CortexM3\ARM_GCC_493\Debug\Vomit.a(LEDPIN.o)
 .debug_loc     0x00001590       0x84 .\CortexM3\ARM_GCC_493\Debug\Vomit.a(USBFS_1_Dp.o)
 .debug_loc     0x00001614      0xa11 .\CortexM3\ARM_GCC_493\Debug\Vomit.a(CyLib.o)
 .debug_loc     0x00002025      0x1e4 .\CortexM3\ARM_GCC_493\Debug\Vomit.a(cyPm.o)
 .debug_loc     0x00002209       0xec .\CortexM3\ARM_GCC_493\Debug\Vomit.a(ShiftReg_1.o)
 .debug_loc     0x000022f5       0x47 .\CortexM3\ARM_GCC_493\Debug\Vomit.a(USBFS_1_cls.o)
 .debug_loc     0x0000233c      0x300 .\CortexM3\ARM_GCC_493\Debug\Vomit.a(CyFlash.o)
 .debug_loc     0x0000263c      0x64d .\CortexM3\ARM_GCC_493\Debug\Vomit.a(CySpc.o)

.debug_macinfo
 *(.debug_macinfo)

.debug_ranges   0x00000000      0x7d0
 *(.debug_ranges)
 .debug_ranges  0x00000000       0x20 .\CortexM3\ARM_GCC_493\Debug\main.o
 .debug_ranges  0x00000020       0x38 .\CortexM3\ARM_GCC_493\Debug\Cm3Start.o
 .debug_ranges  0x00000058       0x48 .\CortexM3\ARM_GCC_493\Debug\Vomit.a(cyfitter_cfg.o)
 .debug_ranges  0x000000a0       0xd0 .\CortexM3\ARM_GCC_493\Debug\Vomit.a(USBFS_1.o)
 .debug_ranges  0x00000170       0x88 .\CortexM3\ARM_GCC_493\Debug\Vomit.a(USBFS_1_drv.o)
 .debug_ranges  0x000001f8       0x18 .\CortexM3\ARM_GCC_493\Debug\Vomit.a(USBFS_1_episr.o)
 .debug_ranges  0x00000210       0x38 .\CortexM3\ARM_GCC_493\Debug\Vomit.a(USBFS_1_hid.o)
 .debug_ranges  0x00000248       0x30 .\CortexM3\ARM_GCC_493\Debug\Vomit.a(USBFS_1_pm.o)
 .debug_ranges  0x00000278       0x68 .\CortexM3\ARM_GCC_493\Debug\Vomit.a(USBFS_1_std.o)
 .debug_ranges  0x000002e0       0x10 .\CortexM3\ARM_GCC_493\Debug\Vomit.a(USBFS_1_vnd.o)
 .debug_ranges  0x000002f0       0x28 .\CortexM3\ARM_GCC_493\Debug\Vomit.a(SWITCHPIN.o)
 .debug_ranges  0x00000318       0x28 .\CortexM3\ARM_GCC_493\Debug\Vomit.a(LEDPIN.o)
 .debug_ranges  0x00000340       0x38 .\CortexM3\ARM_GCC_493\Debug\Vomit.a(USBFS_1_Dp.o)
 .debug_ranges  0x00000378      0x288 .\CortexM3\ARM_GCC_493\Debug\Vomit.a(CyLib.o)
 .debug_ranges  0x00000600       0x88 .\CortexM3\ARM_GCC_493\Debug\Vomit.a(cyPm.o)
 .debug_ranges  0x00000688       0x60 .\CortexM3\ARM_GCC_493\Debug\Vomit.a(ShiftReg_1.o)
 .debug_ranges  0x000006e8       0x10 .\CortexM3\ARM_GCC_493\Debug\Vomit.a(USBFS_1_cls.o)
 .debug_ranges  0x000006f8       0x70 .\CortexM3\ARM_GCC_493\Debug\Vomit.a(CyFlash.o)
 .debug_ranges  0x00000768       0x68 .\CortexM3\ARM_GCC_493\Debug\Vomit.a(CySpc.o)

.comment        0x00000000       0x70
 .comment       0x00000000       0x70 .\CortexM3\ARM_GCC_493\Debug\main.o
                                 0x71 (size before relaxing)
 .comment       0x00000000       0x71 .\CortexM3\ARM_GCC_493\Debug\cymetadata.o
 .comment       0x00000000       0x71 .\CortexM3\ARM_GCC_493\Debug\Cm3Start.o
 .comment       0x00000000       0x71 .\CortexM3\ARM_GCC_493\Debug\Vomit.a(cyfitter_cfg.o)
 .comment       0x00000000       0x71 .\CortexM3\ARM_GCC_493\Debug\Vomit.a(USBFS_1.o)
 .comment       0x00000000       0x71 .\CortexM3\ARM_GCC_493\Debug\Vomit.a(USBFS_1_descr.o)
 .comment       0x00000000       0x71 .\CortexM3\ARM_GCC_493\Debug\Vomit.a(USBFS_1_drv.o)
 .comment       0x00000000       0x71 .\CortexM3\ARM_GCC_493\Debug\Vomit.a(USBFS_1_episr.o)
 .comment       0x00000000       0x71 .\CortexM3\ARM_GCC_493\Debug\Vomit.a(USBFS_1_hid.o)
 .comment       0x00000000       0x71 .\CortexM3\ARM_GCC_493\Debug\Vomit.a(USBFS_1_pm.o)
 .comment       0x00000000       0x71 .\CortexM3\ARM_GCC_493\Debug\Vomit.a(USBFS_1_std.o)
 .comment       0x00000000       0x71 .\CortexM3\ARM_GCC_493\Debug\Vomit.a(USBFS_1_vnd.o)
 .comment       0x00000000       0x71 .\CortexM3\ARM_GCC_493\Debug\Vomit.a(SWITCHPIN.o)
 .comment       0x00000000       0x71 .\CortexM3\ARM_GCC_493\Debug\Vomit.a(LEDPIN.o)
 .comment       0x00000000       0x71 .\CortexM3\ARM_GCC_493\Debug\Vomit.a(USBFS_1_Dp.o)
 .comment       0x00000000       0x71 .\CortexM3\ARM_GCC_493\Debug\Vomit.a(CyLib.o)
 .comment       0x00000000       0x71 .\CortexM3\ARM_GCC_493\Debug\Vomit.a(cyPm.o)
 .comment       0x00000000       0x71 .\CortexM3\ARM_GCC_493\Debug\Vomit.a(ShiftReg_1.o)
 .comment       0x00000000       0x71 .\CortexM3\ARM_GCC_493\Debug\Vomit.a(USBFS_1_cls.o)
 .comment       0x00000000       0x71 .\CortexM3\ARM_GCC_493\Debug\Vomit.a(CyFlash.o)
 .comment       0x00000000       0x71 .\CortexM3\ARM_GCC_493\Debug\Vomit.a(CySpc.o)

.debug_weaknames
 *(.debug_weaknames)

.debug_funcnames
 *(.debug_funcnames)

.debug_typenames
 *(.debug_typenames)

.debug_varnames
 *(.debug_varnames)

.note.gnu.arm.ident
 *(.note.gnu.arm.ident)

.ARM.attributes
                0x00000000       0x29
 *(.ARM.attributes)
 .ARM.attributes
                0x00000000       0x1d c:/program files/cypress/psoc creator/3.3/psoc creator/import/gnu/arm/4.9.3/bin/../lib/gcc/arm-none-eabi/4.9.3/armv7-m/crti.o
 .ARM.attributes
                0x0000001d       0x2d c:/program files/cypress/psoc creator/3.3/psoc creator/import/gnu/arm/4.9.3/bin/../lib/gcc/arm-none-eabi/4.9.3/armv7-m/crtbegin.o
 .ARM.attributes
                0x0000004a       0x1b c:/program files/cypress/psoc creator/3.3/psoc creator/import/gnu/arm/4.9.3/bin/../lib/gcc/arm-none-eabi/4.9.3/../../../../arm-none-eabi/lib/armv7-m/crt0.o
 .ARM.attributes
                0x00000065       0x33 .\CortexM3\ARM_GCC_493\Debug\main.o
 .ARM.attributes
                0x00000098       0x33 .\CortexM3\ARM_GCC_493\Debug\cymetadata.o
 .ARM.attributes
                0x000000cb       0x33 .\CortexM3\ARM_GCC_493\Debug\Cm3Start.o
 .ARM.attributes
                0x000000fe       0x33 .\CortexM3\ARM_GCC_493\Debug\Vomit.a(cyfitter_cfg.o)
 .ARM.attributes
                0x00000131       0x33 .\CortexM3\ARM_GCC_493\Debug\Vomit.a(USBFS_1.o)
 .ARM.attributes
                0x00000164       0x33 .\CortexM3\ARM_GCC_493\Debug\Vomit.a(USBFS_1_descr.o)
 .ARM.attributes
                0x00000197       0x33 .\CortexM3\ARM_GCC_493\Debug\Vomit.a(USBFS_1_drv.o)
 .ARM.attributes
                0x000001ca       0x33 .\CortexM3\ARM_GCC_493\Debug\Vomit.a(USBFS_1_episr.o)
 .ARM.attributes
                0x000001fd       0x33 .\CortexM3\ARM_GCC_493\Debug\Vomit.a(USBFS_1_hid.o)
 .ARM.attributes
                0x00000230       0x33 .\CortexM3\ARM_GCC_493\Debug\Vomit.a(USBFS_1_pm.o)
 .ARM.attributes
                0x00000263       0x33 .\CortexM3\ARM_GCC_493\Debug\Vomit.a(USBFS_1_std.o)
 .ARM.attributes
                0x00000296       0x33 .\CortexM3\ARM_GCC_493\Debug\Vomit.a(USBFS_1_vnd.o)
 .ARM.attributes
                0x000002c9       0x33 .\CortexM3\ARM_GCC_493\Debug\Vomit.a(SWITCHPIN.o)
 .ARM.attributes
                0x000002fc       0x33 .\CortexM3\ARM_GCC_493\Debug\Vomit.a(LEDPIN.o)
 .ARM.attributes
                0x0000032f       0x33 .\CortexM3\ARM_GCC_493\Debug\Vomit.a(USBFS_1_Dp.o)
 .ARM.attributes
                0x00000362       0x21 .\CortexM3\ARM_GCC_493\Debug\Vomit.a(CyBootAsmGnu.o)
 .ARM.attributes
                0x00000383       0x33 .\CortexM3\ARM_GCC_493\Debug\Vomit.a(CyLib.o)
 .ARM.attributes
                0x000003b6       0x33 .\CortexM3\ARM_GCC_493\Debug\Vomit.a(cyPm.o)
 .ARM.attributes
                0x000003e9       0x33 .\CortexM3\ARM_GCC_493\Debug\Vomit.a(ShiftReg_1.o)
 .ARM.attributes
                0x0000041c       0x33 .\CortexM3\ARM_GCC_493\Debug\Vomit.a(USBFS_1_cls.o)
 .ARM.attributes
                0x0000044f       0x33 .\CortexM3\ARM_GCC_493\Debug\Vomit.a(CyFlash.o)
 .ARM.attributes
                0x00000482       0x33 .\CortexM3\ARM_GCC_493\Debug\Vomit.a(CySpc.o)
 .ARM.attributes
                0x000004b5       0x2d c:/program files/cypress/psoc creator/3.3/psoc creator/import/gnu/arm/4.9.3/bin/../lib/gcc/arm-none-eabi/4.9.3/../../../../arm-none-eabi/lib/armv7-m\libg_nano.a(lib_a-errno.o)
 .ARM.attributes
                0x000004e2       0x2d c:/program files/cypress/psoc creator/3.3/psoc creator/import/gnu/arm/4.9.3/bin/../lib/gcc/arm-none-eabi/4.9.3/../../../../arm-none-eabi/lib/armv7-m\libg_nano.a(lib_a-exit.o)
 .ARM.attributes
                0x0000050f       0x2d c:/program files/cypress/psoc creator/3.3/psoc creator/import/gnu/arm/4.9.3/bin/../lib/gcc/arm-none-eabi/4.9.3/../../../../arm-none-eabi/lib/armv7-m\libg_nano.a(lib_a-impure.o)
 .ARM.attributes
                0x0000053c       0x2d c:/program files/cypress/psoc creator/3.3/psoc creator/import/gnu/arm/4.9.3/bin/../lib/gcc/arm-none-eabi/4.9.3/../../../../arm-none-eabi/lib/armv7-m\libg_nano.a(lib_a-init.o)
 .ARM.attributes
                0x00000569       0x2d c:/program files/cypress/psoc creator/3.3/psoc creator/import/gnu/arm/4.9.3/bin/../lib/gcc/arm-none-eabi/4.9.3/../../../../arm-none-eabi/lib/armv7-m\libg_nano.a(lib_a-memcpy.o)
 .ARM.attributes
                0x00000596       0x2d c:/program files/cypress/psoc creator/3.3/psoc creator/import/gnu/arm/4.9.3/bin/../lib/gcc/arm-none-eabi/4.9.3/../../../../arm-none-eabi/lib/armv7-m\libg_nano.a(lib_a-memset.o)
 .ARM.attributes
                0x000005c3       0x2d c:/program files/cypress/psoc creator/3.3/psoc creator/import/gnu/arm/4.9.3/bin/../lib/gcc/arm-none-eabi/4.9.3/../../../../arm-none-eabi/lib/armv7-m\libg_nano.a(lib_a-sprintf.o)
 .ARM.attributes
                0x000005f0       0x2d c:/program files/cypress/psoc creator/3.3/psoc creator/import/gnu/arm/4.9.3/bin/../lib/gcc/arm-none-eabi/4.9.3/../../../../arm-none-eabi/lib/armv7-m\libg_nano.a(lib_a-nano-svfprintf.o)
 .ARM.attributes
                0x0000061d       0x2d c:/program files/cypress/psoc creator/3.3/psoc creator/import/gnu/arm/4.9.3/bin/../lib/gcc/arm-none-eabi/4.9.3/../../../../arm-none-eabi/lib/armv7-m\libg_nano.a(lib_a-nano-vfprintf_i.o)
 .ARM.attributes
                0x0000064a       0x2d c:/program files/cypress/psoc creator/3.3/psoc creator/import/gnu/arm/4.9.3/bin/../lib/gcc/arm-none-eabi/4.9.3/../../../../arm-none-eabi/lib/armv7-m\libg_nano.a(lib_a-memchr.o)
 .ARM.attributes
                0x00000677       0x2d c:/program files/cypress/psoc creator/3.3/psoc creator/import/gnu/arm/4.9.3/bin/../lib/gcc/arm-none-eabi/4.9.3/../../../../arm-none-eabi/lib/armv7-m\libg_nano.a(lib_a-memmove.o)
 .ARM.attributes
                0x000006a4       0x2d c:/program files/cypress/psoc creator/3.3/psoc creator/import/gnu/arm/4.9.3/bin/../lib/gcc/arm-none-eabi/4.9.3/../../../../arm-none-eabi/lib/armv7-m\libg_nano.a(lib_a-nano-freer.o)
 .ARM.attributes
                0x000006d1       0x2d c:/program files/cypress/psoc creator/3.3/psoc creator/import/gnu/arm/4.9.3/bin/../lib/gcc/arm-none-eabi/4.9.3/../../../../arm-none-eabi/lib/armv7-m\libg_nano.a(lib_a-nano-mallocr.o)
 .ARM.attributes
                0x000006fe       0x2d c:/program files/cypress/psoc creator/3.3/psoc creator/import/gnu/arm/4.9.3/bin/../lib/gcc/arm-none-eabi/4.9.3/../../../../arm-none-eabi/lib/armv7-m\libg_nano.a(lib_a-nano-reallocr.o)
 .ARM.attributes
                0x0000072b       0x2d c:/program files/cypress/psoc creator/3.3/psoc creator/import/gnu/arm/4.9.3/bin/../lib/gcc/arm-none-eabi/4.9.3/../../../../arm-none-eabi/lib/armv7-m\libg_nano.a(lib_a-sbrkr.o)
 .ARM.attributes
                0x00000758       0x2d c:/program files/cypress/psoc creator/3.3/psoc creator/import/gnu/arm/4.9.3/bin/../lib/gcc/arm-none-eabi/4.9.3/../../../../arm-none-eabi/lib/armv7-m\libg_nano.a(lib_a-nano-msizer.o)
 .ARM.attributes
                0x00000785       0x2d c:/program files/cypress/psoc creator/3.3/psoc creator/import/gnu/arm/4.9.3/bin/../lib/gcc/arm-none-eabi/4.9.3/../../../../arm-none-eabi/lib/armv7-m\libg_nano.a(lib_a-reent.o)
 .ARM.attributes
                0x000007b2       0x2d c:/program files/cypress/psoc creator/3.3/psoc creator/import/gnu/arm/4.9.3/bin/../lib/gcc/arm-none-eabi/4.9.3/armv7-m/crtend.o
 .ARM.attributes
                0x000007df       0x1d c:/program files/cypress/psoc creator/3.3/psoc creator/import/gnu/arm/4.9.3/bin/../lib/gcc/arm-none-eabi/4.9.3/armv7-m/crtn.o

/DISCARD/
 *(.note.GNU-stack)
OUTPUT(.\CortexM3\ARM_GCC_493\Debug\Vomit.elf elf32-littlearm)
